Release 14.6 - xst P.68d (lin64)
Copyright (c) 1995-2013 Xilinx, Inc.  All rights reserved.
--> 
Parameter TMPDIR set to xst/projnav.tmp


Total REAL time to Xst completion: 0.00 secs
Total CPU time to Xst completion: 0.04 secs
 
--> 
Parameter xsthdpdir set to xst


Total REAL time to Xst completion: 0.00 secs
Total CPU time to Xst completion: 0.04 secs
 
--> 
Reading design: ADC_prescaler.prj

TABLE OF CONTENTS
  1) Synthesis Options Summary
  2) HDL Parsing
  3) HDL Elaboration
  4) HDL Synthesis
       4.1) HDL Synthesis Report
  5) Advanced HDL Synthesis
       5.1) Advanced HDL Synthesis Report
  6) Low Level Synthesis
  7) Partition Report
  8) Design Summary
       8.1) Primitive and Black Box Usage
       8.2) Device utilization summary
       8.3) Partition Resource Summary
       8.4) Timing Report
            8.4.1) Clock Information
            8.4.2) Asynchronous Control Signals Information
            8.4.3) Timing Summary
            8.4.4) Timing Details
            8.4.5) Cross Clock Domains Report


=========================================================================
*                      Synthesis Options Summary                        *
=========================================================================
---- Source Parameters
Input File Name                    : "ADC_prescaler.prj"
Ignore Synthesis Constraint File   : NO

---- Target Parameters
Output File Name                   : "ADC_prescaler"
Output Format                      : NGC
Target Device                      : xc6slx9-3-tqg144

---- Source Options
Top Module Name                    : ADC_prescaler
Automatic FSM Extraction           : YES
FSM Encoding Algorithm             : Auto
Safe Implementation                : No
FSM Style                          : LUT
RAM Extraction                     : Yes
RAM Style                          : Auto
ROM Extraction                     : Yes
Shift Register Extraction          : YES
ROM Style                          : Auto
Resource Sharing                   : YES
Asynchronous To Synchronous        : NO
Shift Register Minimum Size        : 2
Use DSP Block                      : Auto
Automatic Register Balancing       : No

---- Target Options
LUT Combining                      : Auto
Reduce Control Sets                : Auto
Add IO Buffers                     : YES
Global Maximum Fanout              : 100000
Add Generic Clock Buffer(BUFG)     : 16
Register Duplication               : YES
Optimize Instantiated Primitives   : NO
Use Clock Enable                   : Auto
Use Synchronous Set                : Auto
Use Synchronous Reset              : Auto
Pack IO Registers into IOBs        : Auto
Equivalent register Removal        : YES

---- General Options
Optimization Goal                  : Speed
Optimization Effort                : 1
Power Reduction                    : NO
Keep Hierarchy                     : No
Netlist Hierarchy                  : As_Optimized
RTL Output                         : Yes
Global Optimization                : AllClockNets
Read Cores                         : YES
Write Timing Constraints           : NO
Cross Clock Analysis               : NO
Hierarchy Separator                : /
Bus Delimiter                      : <>
Case Specifier                     : Maintain
Slice Utilization Ratio            : 100
BRAM Utilization Ratio             : 100
DSP48 Utilization Ratio            : 100
Auto BRAM Packing                  : NO
Slice Utilization Ratio Delta      : 5

---- Other Options
Cores Search Directories           : {"ipcore_dir"  }

=========================================================================


=========================================================================
*                          HDL Parsing                                  *
=========================================================================
Parsing VHDL file "/home/jan/Projekte/RFStuff/FPGA/ADC/ipcore_dir/PLL.vhd" into library work
Parsing entity <PLL>.
Parsing architecture <xilinx> of entity <pll>.
Parsing VHDL file "/home/jan/Projekte/RFStuff/FPGA/ADC/ADCSynchronizer.vhd" into library work
Parsing entity <ADCSynchronizer>.
Parsing architecture <Behavioral> of entity <adcsynchronizer>.
Parsing VHDL file "/home/jan/Projekte/RFStuff/FPGA/ADC/ADC_prescaler.vhd" into library work
Parsing entity <ADC_prescaler>.
Parsing architecture <Behavioral> of entity <adc_prescaler>.

=========================================================================
*                            HDL Elaboration                            *
=========================================================================

Elaborating entity <ADC_prescaler> (architecture <Behavioral>) from library <work>.

Elaborating entity <PLL> (architecture <xilinx>) from library <work>.

Elaborating entity <ADCSynchronizer> (architecture <Behavioral>) from library <work>.

=========================================================================
*                           HDL Synthesis                               *
=========================================================================

Synthesizing Unit <ADC_prescaler>.
    Related source file is "/home/jan/Projekte/RFStuff/FPGA/ADC/ADC_prescaler.vhd".
INFO:Xst:3210 - "/home/jan/Projekte/RFStuff/FPGA/ADC/ADC_prescaler.vhd" line 76: Output port <DATA_OUT> of the instance <ADC_input> is unconnected or connected to loadless signal.
    Found 1-bit register for signal <LED>.
    Found 5-bit register for signal <counter>.
    Found 5-bit adder for signal <counter[4]_GND_4_o_add_1_OUT> created at line 97.
    Summary:
	inferred   1 Adder/Subtractor(s).
	inferred   6 D-type flip-flop(s).
Unit <ADC_prescaler> synthesized.

Synthesizing Unit <PLL>.
    Related source file is "/home/jan/Projekte/RFStuff/FPGA/ADC/ipcore_dir/PLL.vhd".
    Summary:
	no macro.
Unit <PLL> synthesized.

Synthesizing Unit <ADCSynchronizer>.
    Related source file is "/home/jan/Projekte/RFStuff/FPGA/ADC/ADCSynchronizer.vhd".
    Found 1-bit register for signal <last_clk>.
    Found 1-bit register for signal <new_clk>.
    Found 1-bit register for signal <xfer_pipe>.
    Found 1-bit register for signal <NEW_SAMPLE>.
    Found 14-bit register for signal <xfer_data>.
    Found 14-bit register for signal <DATA_OUT>.
    Summary:
	inferred  32 D-type flip-flop(s).
Unit <ADCSynchronizer> synthesized.

=========================================================================
HDL Synthesis Report

Macro Statistics
# Adders/Subtractors                                   : 1
 5-bit adder                                           : 1
# Registers                                            : 8
 1-bit register                                        : 5
 14-bit register                                       : 2
 5-bit register                                        : 1

=========================================================================

=========================================================================
*                       Advanced HDL Synthesis                          *
=========================================================================


Synthesizing (advanced) Unit <ADC_prescaler>.
The following registers are absorbed into counter <counter>: 1 register on signal <counter>.
Unit <ADC_prescaler> synthesized (advanced).

=========================================================================
Advanced HDL Synthesis Report

Macro Statistics
# Counters                                             : 1
 5-bit up counter                                      : 1
# Registers                                            : 33
 Flip-Flops                                            : 33

=========================================================================

=========================================================================
*                         Low Level Synthesis                           *
=========================================================================

Optimizing unit <ADC_prescaler> ...

Optimizing unit <ADCSynchronizer> ...
WARNING:Xst:2677 - Node <ADC_input/DATA_OUT_13> of sequential type is unconnected in block <ADC_prescaler>.
WARNING:Xst:2677 - Node <ADC_input/DATA_OUT_12> of sequential type is unconnected in block <ADC_prescaler>.
WARNING:Xst:2677 - Node <ADC_input/DATA_OUT_11> of sequential type is unconnected in block <ADC_prescaler>.
WARNING:Xst:2677 - Node <ADC_input/DATA_OUT_10> of sequential type is unconnected in block <ADC_prescaler>.
WARNING:Xst:2677 - Node <ADC_input/DATA_OUT_9> of sequential type is unconnected in block <ADC_prescaler>.
WARNING:Xst:2677 - Node <ADC_input/DATA_OUT_8> of sequential type is unconnected in block <ADC_prescaler>.
WARNING:Xst:2677 - Node <ADC_input/DATA_OUT_7> of sequential type is unconnected in block <ADC_prescaler>.
WARNING:Xst:2677 - Node <ADC_input/DATA_OUT_6> of sequential type is unconnected in block <ADC_prescaler>.
WARNING:Xst:2677 - Node <ADC_input/DATA_OUT_5> of sequential type is unconnected in block <ADC_prescaler>.
WARNING:Xst:2677 - Node <ADC_input/DATA_OUT_4> of sequential type is unconnected in block <ADC_prescaler>.
WARNING:Xst:2677 - Node <ADC_input/DATA_OUT_3> of sequential type is unconnected in block <ADC_prescaler>.
WARNING:Xst:2677 - Node <ADC_input/DATA_OUT_2> of sequential type is unconnected in block <ADC_prescaler>.
WARNING:Xst:2677 - Node <ADC_input/DATA_OUT_1> of sequential type is unconnected in block <ADC_prescaler>.
WARNING:Xst:2677 - Node <ADC_input/DATA_OUT_0> of sequential type is unconnected in block <ADC_prescaler>.
WARNING:Xst:2677 - Node <ADC_input/xfer_data_13> of sequential type is unconnected in block <ADC_prescaler>.
WARNING:Xst:2677 - Node <ADC_input/xfer_data_12> of sequential type is unconnected in block <ADC_prescaler>.
WARNING:Xst:2677 - Node <ADC_input/xfer_data_11> of sequential type is unconnected in block <ADC_prescaler>.
WARNING:Xst:2677 - Node <ADC_input/xfer_data_10> of sequential type is unconnected in block <ADC_prescaler>.
WARNING:Xst:2677 - Node <ADC_input/xfer_data_9> of sequential type is unconnected in block <ADC_prescaler>.
WARNING:Xst:2677 - Node <ADC_input/xfer_data_8> of sequential type is unconnected in block <ADC_prescaler>.
WARNING:Xst:2677 - Node <ADC_input/xfer_data_7> of sequential type is unconnected in block <ADC_prescaler>.
WARNING:Xst:2677 - Node <ADC_input/xfer_data_6> of sequential type is unconnected in block <ADC_prescaler>.
WARNING:Xst:2677 - Node <ADC_input/xfer_data_5> of sequential type is unconnected in block <ADC_prescaler>.
WARNING:Xst:2677 - Node <ADC_input/xfer_data_4> of sequential type is unconnected in block <ADC_prescaler>.
WARNING:Xst:2677 - Node <ADC_input/xfer_data_3> of sequential type is unconnected in block <ADC_prescaler>.
WARNING:Xst:2677 - Node <ADC_input/xfer_data_2> of sequential type is unconnected in block <ADC_prescaler>.
WARNING:Xst:2677 - Node <ADC_input/xfer_data_1> of sequential type is unconnected in block <ADC_prescaler>.
WARNING:Xst:2677 - Node <ADC_input/xfer_data_0> of sequential type is unconnected in block <ADC_prescaler>.

Mapping all equations...
Building and optimizing final netlist ...
Found area constraint ratio of 100 (+ 5) on block ADC_prescaler, actual ratio is 0.

Final Macro Processing ...

Processing Unit <ADC_prescaler> :
	Found 2-bit shift register for signal <ADC_input/new_clk>.
Unit <ADC_prescaler> processed.

=========================================================================
Final Register Report

Macro Statistics
# Registers                                            : 8
 Flip-Flops                                            : 8
# Shift Registers                                      : 1
 2-bit shift register                                  : 1

=========================================================================

=========================================================================
*                           Partition Report                            *
=========================================================================

Partition Implementation Status
-------------------------------

  No Partitions were found in this design.

-------------------------------

=========================================================================
*                            Design Summary                             *
=========================================================================

Top Level Output File Name         : ADC_prescaler.ngc

Primitive and Black Box Usage:
------------------------------
# BELS                             : 14
#      GND                         : 1
#      LUT2                        : 1
#      LUT3                        : 1
#      LUT4                        : 2
#      LUT5                        : 2
#      LUT6                        : 4
#      MUXF7                       : 2
#      VCC                         : 1
# FlipFlops/Latches                : 9
#      FD                          : 8
#      FDE                         : 1
# Shift Registers                  : 1
#      SRLC16E                     : 1
# Clock Buffers                    : 2
#      BUFG                        : 2
# IO Buffers                       : 3
#      IBUF                        : 1
#      IBUFG                       : 1
#      OBUF                        : 1
# DCMs                             : 1
#      DCM_SP                      : 1

Device utilization summary:
---------------------------

Selected Device : 6slx9tqg144-3 


Slice Logic Utilization: 
 Number of Slice Registers:               9  out of  11440     0%  
 Number of Slice LUTs:                   11  out of   5720     0%  
    Number used as Logic:                10  out of   5720     0%  
    Number used as Memory:                1  out of   1440     0%  
       Number used as SRL:                1

Slice Logic Distribution: 
 Number of LUT Flip Flop pairs used:     12
   Number with an unused Flip Flop:       3  out of     12    25%  
   Number with an unused LUT:             1  out of     12     8%  
   Number of fully used LUT-FF pairs:     8  out of     12    66%  
   Number of unique control sets:         2

IO Utilization: 
 Number of IOs:                          17
 Number of bonded IOBs:                   3  out of    102     2%  

Specific Feature Utilization:
 Number of BUFG/BUFGCTRLs:                2  out of     16    12%  

---------------------------
Partition Resource Summary:
---------------------------

  No Partitions were found in this design.

---------------------------


=========================================================================
Timing Report

NOTE: THESE TIMING NUMBERS ARE ONLY A SYNTHESIS ESTIMATE.
      FOR ACCURATE TIMING INFORMATION PLEASE REFER TO THE TRACE REPORT
      GENERATED AFTER PLACE-and-ROUTE.

Clock Information:
------------------
-----------------------------------+------------------------+-------+
Clock Signal                       | Clock buffer(FF name)  | Load  |
-----------------------------------+------------------------+-------+
CLK                                | DCM_SP:CLKFX           | 10    |
-----------------------------------+------------------------+-------+

Asynchronous Control Signals Information:
----------------------------------------
No asynchronous control signals found in this design

Timing Summary:
---------------
Speed Grade: -3

   Minimum period: 3.292ns (Maximum Frequency: 303.807MHz)
   Minimum input arrival time before clock: 1.801ns
   Maximum output required time after clock: 3.634ns
   Maximum combinational path delay: No path found

Timing Details:
---------------
All values displayed in nanoseconds (ns)

=========================================================================
Timing constraint: Default period analysis for Clock 'CLK'
  Clock period: 3.292ns (frequency: 303.807MHz)
  Total number of paths / destination ports: 47 / 9
-------------------------------------------------------------------------
Delay:               2.633ns (Levels of Logic = 2)
  Source:            counter_3 (FF)
  Destination:       led_buf (FF)
  Source Clock:      CLK rising 1.2X
  Destination Clock: CLK rising 1.2X

  Data Path: counter_3 to led_buf
                                Gate     Net
    Cell:in->out      fanout   Delay   Delay  Logical Name (Net Name)
    ----------------------------------------  ------------
     FD:C->Q               5   0.447   1.059  counter_3 (counter_3)
     LUT6:I1->O            2   0.203   0.617  Mcount_counter_val11 (Mcount_counter_val1)
     LUT4:I3->O            1   0.205   0.000  counter_0_rstpot (counter_0_rstpot)
     FD:D                      0.102          counter_0
    ----------------------------------------
    Total                      2.633ns (0.957ns logic, 1.676ns route)
                                       (36.3% logic, 63.7% route)

=========================================================================
Timing constraint: Default OFFSET IN BEFORE for Clock 'CLK'
  Total number of paths / destination ports: 1 / 1
-------------------------------------------------------------------------
Offset:              1.801ns (Levels of Logic = 1)
  Source:            ADC_CLK (PAD)
  Destination:       ADC_input/Mshreg_new_clk (FF)
  Destination Clock: CLK rising 1.2X

  Data Path: ADC_CLK to ADC_input/Mshreg_new_clk
                                Gate     Net
    Cell:in->out      fanout   Delay   Delay  Logical Name (Net Name)
    ----------------------------------------  ------------
     IBUF:I->O             1   1.222   0.579  ADC_CLK_IBUF (ADC_CLK_IBUF)
     SRLC16E:D                -0.060          ADC_input/Mshreg_new_clk
    ----------------------------------------
    Total                      1.801ns (1.222ns logic, 0.579ns route)
                                       (67.9% logic, 32.1% route)

=========================================================================
Timing constraint: Default OFFSET OUT AFTER for Clock 'CLK'
  Total number of paths / destination ports: 1 / 1
-------------------------------------------------------------------------
Offset:              3.634ns (Levels of Logic = 1)
  Source:            led_buf (FF)
  Destination:       LED (PAD)
  Source Clock:      CLK rising 1.2X

  Data Path: led_buf to LED
                                Gate     Net
    Cell:in->out      fanout   Delay   Delay  Logical Name (Net Name)
    ----------------------------------------  ------------
     FD:C->Q               2   0.447   0.616  led_buf (led_buf)
     OBUF:I->O                 2.571          LED_OBUF (LED)
    ----------------------------------------
    Total                      3.634ns (3.018ns logic, 0.616ns route)
                                       (83.0% logic, 17.0% route)

=========================================================================

Cross Clock Domains Report:
--------------------------

Clock to Setup on destination clock CLK
---------------+---------+---------+---------+---------+
               | Src:Rise| Src:Fall| Src:Rise| Src:Fall|
Source Clock   |Dest:Rise|Dest:Rise|Dest:Fall|Dest:Fall|
---------------+---------+---------+---------+---------+
CLK            |    2.633|         |         |         |
---------------+---------+---------+---------+---------+

=========================================================================


Total REAL time to Xst completion: 5.00 secs
Total CPU time to Xst completion: 4.63 secs
 
--> 


Total memory usage is 413556 kilobytes

Number of errors   :    0 (   0 filtered)
Number of warnings :   28 (   0 filtered)
Number of infos    :    1 (   0 filtered)

